// Jest Snapshot v1, https://goo.gl/fbAQLP

exports[`components/App renders App 1`] = `
<styled.section>
  <styled.nav>
    <span>
      Group by:
    </span>
    <styled.button
      className="product"
      onClick={[Function]}
    >
      Product
    </styled.button>
    <styled.button
      className="timestamp"
      onClick={[Function]}
    >
      Timestamp
    </styled.button>
    <styled.button
      className="customer"
      onClick={[Function]}
    >
      Customer
    </styled.button>
  </styled.nav>
  <div>
    <pre>
      [
        {
          "timestamp": 1505278252166,
          "product": "Apple",
          "customer": "John Smith"
        },
        {
          "timestamp": 1505278252166,
          "product": "Apple",
          "customer": "Jane Doe"
        },
        {
          "timestamp": 1505278282166,
          "product": "Pear",
          "customer": "Will Smith"
        },
        {
          "timestamp": 1505278282166,
          "product": "Pear",
          "customer": "Some Smith"
        },
        {
          "timestamp": 1505278282166,
          "product": "Potato",
          "customer": "Anne Smith"
        },
        {
          "timestamp": 1505298282166,
          "product": "Potato",
          "customer": "Lisa Smith"
        },
        {
          "timestamp": 1505298282166,
          "product": "Carrot",
          "customer": "Eric Smith"
        }
      ]
    </pre>
  </div>
</styled.section>
`;
